Archive member included because of file (symbol)

c:/program files/gnu tools arm embedded/4.9 2015q1/bin/../lib/gcc/arm-none-eabi/4.9.3/../../../../arm-none-eabi/lib/armv7e-m\libc.a(lib_a-exit.o)
                              c:/program files/gnu tools arm embedded/4.9 2015q1/bin/../lib/gcc/arm-none-eabi/4.9.3/../../../../arm-none-eabi/lib/armv7e-m/crt0.o (exit)
c:/program files/gnu tools arm embedded/4.9 2015q1/bin/../lib/gcc/arm-none-eabi/4.9.3/../../../../arm-none-eabi/lib/armv7e-m\libc.a(lib_a-impure.o)
                              c:/program files/gnu tools arm embedded/4.9 2015q1/bin/../lib/gcc/arm-none-eabi/4.9.3/../../../../arm-none-eabi/lib/armv7e-m\libc.a(lib_a-exit.o) (_global_impure_ptr)
c:/program files/gnu tools arm embedded/4.9 2015q1/bin/../lib/gcc/arm-none-eabi/4.9.3/../../../../arm-none-eabi/lib/armv7e-m\libc.a(lib_a-init.o)
                              c:/program files/gnu tools arm embedded/4.9 2015q1/bin/../lib/gcc/arm-none-eabi/4.9.3/../../../../arm-none-eabi/lib/armv7e-m/crt0.o (__libc_init_array)
c:/program files/gnu tools arm embedded/4.9 2015q1/bin/../lib/gcc/arm-none-eabi/4.9.3/../../../../arm-none-eabi/lib/armv7e-m\libc.a(lib_a-memset.o)
                              c:/program files/gnu tools arm embedded/4.9 2015q1/bin/../lib/gcc/arm-none-eabi/4.9.3/../../../../arm-none-eabi/lib/armv7e-m/crt0.o (memset)
c:/program files/gnu tools arm embedded/4.9 2015q1/bin/../lib/gcc/arm-none-eabi/4.9.3/../../../../arm-none-eabi/lib/armv7e-m\libc.a(lib_a-__call_atexit.o)
                              c:/program files/gnu tools arm embedded/4.9 2015q1/bin/../lib/gcc/arm-none-eabi/4.9.3/../../../../arm-none-eabi/lib/armv7e-m\libc.a(lib_a-exit.o) (__call_exitprocs)
c:/program files/gnu tools arm embedded/4.9 2015q1/bin/../lib/gcc/arm-none-eabi/4.9.3/../../../../arm-none-eabi/lib/armv7e-m\libc.a(lib_a-atexit.o)
                              c:/program files/gnu tools arm embedded/4.9 2015q1/bin/../lib/gcc/arm-none-eabi/4.9.3/../../../../arm-none-eabi/lib/armv7e-m\libc.a(lib_a-__call_atexit.o) (atexit)
c:/program files/gnu tools arm embedded/4.9 2015q1/bin/../lib/gcc/arm-none-eabi/4.9.3/../../../../arm-none-eabi/lib/armv7e-m\libc.a(lib_a-fini.o)
                              c:/program files/gnu tools arm embedded/4.9 2015q1/bin/../lib/gcc/arm-none-eabi/4.9.3/../../../../arm-none-eabi/lib/armv7e-m\libc.a(lib_a-__call_atexit.o) (__libc_fini_array)
c:/program files/gnu tools arm embedded/4.9 2015q1/bin/../lib/gcc/arm-none-eabi/4.9.3/../../../../arm-none-eabi/lib/armv7e-m\libc.a(lib_a-__atexit.o)
                              c:/program files/gnu tools arm embedded/4.9 2015q1/bin/../lib/gcc/arm-none-eabi/4.9.3/../../../../arm-none-eabi/lib/armv7e-m\libc.a(lib_a-atexit.o) (__register_exitproc)

Discarded input sections

 .text          0x00000000        0x0 c:/program files/gnu tools arm embedded/4.9 2015q1/bin/../lib/gcc/arm-none-eabi/4.9.3/armv7e-m/crti.o
 .data          0x00000000        0x0 c:/program files/gnu tools arm embedded/4.9 2015q1/bin/../lib/gcc/arm-none-eabi/4.9.3/armv7e-m/crti.o
 .bss           0x00000000        0x0 c:/program files/gnu tools arm embedded/4.9 2015q1/bin/../lib/gcc/arm-none-eabi/4.9.3/armv7e-m/crti.o
 .data          0x00000000        0x4 c:/program files/gnu tools arm embedded/4.9 2015q1/bin/../lib/gcc/arm-none-eabi/4.9.3/armv7e-m/crtbegin.o
 .text          0x00000000       0x74 c:/program files/gnu tools arm embedded/4.9 2015q1/bin/../lib/gcc/arm-none-eabi/4.9.3/../../../../arm-none-eabi/lib/armv7e-m/crt0.o
 .data          0x00000000        0x0 c:/program files/gnu tools arm embedded/4.9 2015q1/bin/../lib/gcc/arm-none-eabi/4.9.3/../../../../arm-none-eabi/lib/armv7e-m/crt0.o
 .bss           0x00000000        0x0 c:/program files/gnu tools arm embedded/4.9 2015q1/bin/../lib/gcc/arm-none-eabi/4.9.3/../../../../arm-none-eabi/lib/armv7e-m/crt0.o
 .ARM.extab     0x00000000        0x0 c:/program files/gnu tools arm embedded/4.9 2015q1/bin/../lib/gcc/arm-none-eabi/4.9.3/../../../../arm-none-eabi/lib/armv7e-m/crt0.o
 .ARM.exidx     0x00000000        0x8 c:/program files/gnu tools arm embedded/4.9 2015q1/bin/../lib/gcc/arm-none-eabi/4.9.3/../../../../arm-none-eabi/lib/armv7e-m/crt0.o
 .ARM.attributes
                0x00000000       0x1c c:/program files/gnu tools arm embedded/4.9 2015q1/bin/../lib/gcc/arm-none-eabi/4.9.3/../../../../arm-none-eabi/lib/armv7e-m/crt0.o
 .text          0x00000000        0x0 c:/program files/gnu tools arm embedded/4.9 2015q1/bin/../lib/gcc/arm-none-eabi/4.9.3/../../../../arm-none-eabi/lib/armv7e-m\libc.a(lib_a-exit.o)
 .data          0x00000000        0x0 c:/program files/gnu tools arm embedded/4.9 2015q1/bin/../lib/gcc/arm-none-eabi/4.9.3/../../../../arm-none-eabi/lib/armv7e-m\libc.a(lib_a-exit.o)
 .bss           0x00000000        0x0 c:/program files/gnu tools arm embedded/4.9 2015q1/bin/../lib/gcc/arm-none-eabi/4.9.3/../../../../arm-none-eabi/lib/armv7e-m\libc.a(lib_a-exit.o)
 .text.exit     0x00000000       0x20 c:/program files/gnu tools arm embedded/4.9 2015q1/bin/../lib/gcc/arm-none-eabi/4.9.3/../../../../arm-none-eabi/lib/armv7e-m\libc.a(lib_a-exit.o)
 .debug_frame   0x00000000       0x28 c:/program files/gnu tools arm embedded/4.9 2015q1/bin/../lib/gcc/arm-none-eabi/4.9.3/../../../../arm-none-eabi/lib/armv7e-m\libc.a(lib_a-exit.o)
 .ARM.attributes
                0x00000000       0x2e c:/program files/gnu tools arm embedded/4.9 2015q1/bin/../lib/gcc/arm-none-eabi/4.9.3/../../../../arm-none-eabi/lib/armv7e-m\libc.a(lib_a-exit.o)
 .text          0x00000000        0x0 c:/program files/gnu tools arm embedded/4.9 2015q1/bin/../lib/gcc/arm-none-eabi/4.9.3/../../../../arm-none-eabi/lib/armv7e-m\libc.a(lib_a-impure.o)
 .data          0x00000000        0x0 c:/program files/gnu tools arm embedded/4.9 2015q1/bin/../lib/gcc/arm-none-eabi/4.9.3/../../../../arm-none-eabi/lib/armv7e-m\libc.a(lib_a-impure.o)
 .bss           0x00000000        0x0 c:/program files/gnu tools arm embedded/4.9 2015q1/bin/../lib/gcc/arm-none-eabi/4.9.3/../../../../arm-none-eabi/lib/armv7e-m\libc.a(lib_a-impure.o)
 .data._impure_ptr
                0x00000000        0x4 c:/program files/gnu tools arm embedded/4.9 2015q1/bin/../lib/gcc/arm-none-eabi/4.9.3/../../../../arm-none-eabi/lib/armv7e-m\libc.a(lib_a-impure.o)
 .ARM.attributes
                0x00000000       0x2e c:/program files/gnu tools arm embedded/4.9 2015q1/bin/../lib/gcc/arm-none-eabi/4.9.3/../../../../arm-none-eabi/lib/armv7e-m\libc.a(lib_a-impure.o)
 .text          0x00000000        0x0 c:/program files/gnu tools arm embedded/4.9 2015q1/bin/../lib/gcc/arm-none-eabi/4.9.3/../../../../arm-none-eabi/lib/armv7e-m\libc.a(lib_a-init.o)
 .data          0x00000000        0x0 c:/program files/gnu tools arm embedded/4.9 2015q1/bin/../lib/gcc/arm-none-eabi/4.9.3/../../../../arm-none-eabi/lib/armv7e-m\libc.a(lib_a-init.o)
 .bss           0x00000000        0x0 c:/program files/gnu tools arm embedded/4.9 2015q1/bin/../lib/gcc/arm-none-eabi/4.9.3/../../../../arm-none-eabi/lib/armv7e-m\libc.a(lib_a-init.o)
 .debug_frame   0x00000000       0x2c c:/program files/gnu tools arm embedded/4.9 2015q1/bin/../lib/gcc/arm-none-eabi/4.9.3/../../../../arm-none-eabi/lib/armv7e-m\libc.a(lib_a-init.o)
 .ARM.attributes
                0x00000000       0x2e c:/program files/gnu tools arm embedded/4.9 2015q1/bin/../lib/gcc/arm-none-eabi/4.9.3/../../../../arm-none-eabi/lib/armv7e-m\libc.a(lib_a-init.o)
 .text          0x00000000        0x0 c:/program files/gnu tools arm embedded/4.9 2015q1/bin/../lib/gcc/arm-none-eabi/4.9.3/../../../../arm-none-eabi/lib/armv7e-m\libc.a(lib_a-memset.o)
 .data          0x00000000        0x0 c:/program files/gnu tools arm embedded/4.9 2015q1/bin/../lib/gcc/arm-none-eabi/4.9.3/../../../../arm-none-eabi/lib/armv7e-m\libc.a(lib_a-memset.o)
 .bss           0x00000000        0x0 c:/program files/gnu tools arm embedded/4.9 2015q1/bin/../lib/gcc/arm-none-eabi/4.9.3/../../../../arm-none-eabi/lib/armv7e-m\libc.a(lib_a-memset.o)
 .text.memset   0x00000000       0x9c c:/program files/gnu tools arm embedded/4.9 2015q1/bin/../lib/gcc/arm-none-eabi/4.9.3/../../../../arm-none-eabi/lib/armv7e-m\libc.a(lib_a-memset.o)
 .debug_frame   0x00000000       0x34 c:/program files/gnu tools arm embedded/4.9 2015q1/bin/../lib/gcc/arm-none-eabi/4.9.3/../../../../arm-none-eabi/lib/armv7e-m\libc.a(lib_a-memset.o)
 .ARM.attributes
                0x00000000       0x2e c:/program files/gnu tools arm embedded/4.9 2015q1/bin/../lib/gcc/arm-none-eabi/4.9.3/../../../../arm-none-eabi/lib/armv7e-m\libc.a(lib_a-memset.o)
 .text          0x00000000        0x0 c:/program files/gnu tools arm embedded/4.9 2015q1/bin/../lib/gcc/arm-none-eabi/4.9.3/../../../../arm-none-eabi/lib/armv7e-m\libc.a(lib_a-__call_atexit.o)
 .data          0x00000000        0x0 c:/program files/gnu tools arm embedded/4.9 2015q1/bin/../lib/gcc/arm-none-eabi/4.9.3/../../../../arm-none-eabi/lib/armv7e-m\libc.a(lib_a-__call_atexit.o)
 .bss           0x00000000        0x0 c:/program files/gnu tools arm embedded/4.9 2015q1/bin/../lib/gcc/arm-none-eabi/4.9.3/../../../../arm-none-eabi/lib/armv7e-m\libc.a(lib_a-__call_atexit.o)
 .text.__call_exitprocs
                0x00000000       0xd4 c:/program files/gnu tools arm embedded/4.9 2015q1/bin/../lib/gcc/arm-none-eabi/4.9.3/../../../../arm-none-eabi/lib/armv7e-m\libc.a(lib_a-__call_atexit.o)
 .debug_frame   0x00000000       0x50 c:/program files/gnu tools arm embedded/4.9 2015q1/bin/../lib/gcc/arm-none-eabi/4.9.3/../../../../arm-none-eabi/lib/armv7e-m\libc.a(lib_a-__call_atexit.o)
 .ARM.attributes
                0x00000000       0x2e c:/program files/gnu tools arm embedded/4.9 2015q1/bin/../lib/gcc/arm-none-eabi/4.9.3/../../../../arm-none-eabi/lib/armv7e-m\libc.a(lib_a-__call_atexit.o)
 .text          0x00000000        0x0 c:/program files/gnu tools arm embedded/4.9 2015q1/bin/../lib/gcc/arm-none-eabi/4.9.3/../../../../arm-none-eabi/lib/armv7e-m\libc.a(lib_a-atexit.o)
 .data          0x00000000        0x0 c:/program files/gnu tools arm embedded/4.9 2015q1/bin/../lib/gcc/arm-none-eabi/4.9.3/../../../../arm-none-eabi/lib/armv7e-m\libc.a(lib_a-atexit.o)
 .bss           0x00000000        0x0 c:/program files/gnu tools arm embedded/4.9 2015q1/bin/../lib/gcc/arm-none-eabi/4.9.3/../../../../arm-none-eabi/lib/armv7e-m\libc.a(lib_a-atexit.o)
 .debug_frame   0x00000000       0x20 c:/program files/gnu tools arm embedded/4.9 2015q1/bin/../lib/gcc/arm-none-eabi/4.9.3/../../../../arm-none-eabi/lib/armv7e-m\libc.a(lib_a-atexit.o)
 .ARM.attributes
                0x00000000       0x2e c:/program files/gnu tools arm embedded/4.9 2015q1/bin/../lib/gcc/arm-none-eabi/4.9.3/../../../../arm-none-eabi/lib/armv7e-m\libc.a(lib_a-atexit.o)
 .text          0x00000000        0x0 c:/program files/gnu tools arm embedded/4.9 2015q1/bin/../lib/gcc/arm-none-eabi/4.9.3/../../../../arm-none-eabi/lib/armv7e-m\libc.a(lib_a-fini.o)
 .data          0x00000000        0x0 c:/program files/gnu tools arm embedded/4.9 2015q1/bin/../lib/gcc/arm-none-eabi/4.9.3/../../../../arm-none-eabi/lib/armv7e-m\libc.a(lib_a-fini.o)
 .bss           0x00000000        0x0 c:/program files/gnu tools arm embedded/4.9 2015q1/bin/../lib/gcc/arm-none-eabi/4.9.3/../../../../arm-none-eabi/lib/armv7e-m\libc.a(lib_a-fini.o)
 .debug_frame   0x00000000       0x34 c:/program files/gnu tools arm embedded/4.9 2015q1/bin/../lib/gcc/arm-none-eabi/4.9.3/../../../../arm-none-eabi/lib/armv7e-m\libc.a(lib_a-fini.o)
 .ARM.attributes
                0x00000000       0x2e c:/program files/gnu tools arm embedded/4.9 2015q1/bin/../lib/gcc/arm-none-eabi/4.9.3/../../../../arm-none-eabi/lib/armv7e-m\libc.a(lib_a-fini.o)
 .text          0x00000000        0x0 c:/program files/gnu tools arm embedded/4.9 2015q1/bin/../lib/gcc/arm-none-eabi/4.9.3/../../../../arm-none-eabi/lib/armv7e-m\libc.a(lib_a-__atexit.o)
 .data          0x00000000        0x0 c:/program files/gnu tools arm embedded/4.9 2015q1/bin/../lib/gcc/arm-none-eabi/4.9.3/../../../../arm-none-eabi/lib/armv7e-m\libc.a(lib_a-__atexit.o)
 .bss           0x00000000        0x0 c:/program files/gnu tools arm embedded/4.9 2015q1/bin/../lib/gcc/arm-none-eabi/4.9.3/../../../../arm-none-eabi/lib/armv7e-m\libc.a(lib_a-__atexit.o)
 .debug_frame   0x00000000       0x34 c:/program files/gnu tools arm embedded/4.9 2015q1/bin/../lib/gcc/arm-none-eabi/4.9.3/../../../../arm-none-eabi/lib/armv7e-m\libc.a(lib_a-__atexit.o)
 .ARM.attributes
                0x00000000       0x2e c:/program files/gnu tools arm embedded/4.9 2015q1/bin/../lib/gcc/arm-none-eabi/4.9.3/../../../../arm-none-eabi/lib/armv7e-m\libc.a(lib_a-__atexit.o)
 .data          0x00000000        0x0 ..\obj\ButtonSM.o
 .bss           0x00000000        0x0 ..\obj\ButtonSM.o
 .text          0x00000000      0x544 ..\obj\stm32f4xx_hal_cortex.o
 .data          0x00000000        0x0 ..\obj\stm32f4xx_hal_cortex.o
 .bss           0x00000000        0x0 ..\obj\stm32f4xx_hal_cortex.o
 .debug_info    0x00000000      0xbac ..\obj\stm32f4xx_hal_cortex.o
 .debug_abbrev  0x00000000      0x299 ..\obj\stm32f4xx_hal_cortex.o
 .debug_aranges
                0x00000000       0x20 ..\obj\stm32f4xx_hal_cortex.o
 .debug_line    0x00000000      0x355 ..\obj\stm32f4xx_hal_cortex.o
 .debug_str     0x00000000      0xb5d ..\obj\stm32f4xx_hal_cortex.o
 .comment       0x00000000       0x71 ..\obj\stm32f4xx_hal_cortex.o
 .debug_frame   0x00000000      0x428 ..\obj\stm32f4xx_hal_cortex.o
 .ARM.attributes
                0x00000000       0x33 ..\obj\stm32f4xx_hal_cortex.o
 .data          0x00000000        0x0 ..\obj\Button.o
 .bss           0x00000000        0x0 ..\obj\Button.o
 .bss           0x00000000        0x0 ..\obj\system_stm32f4xx.o
 .data          0x00000000        0x0 ..\obj\Time.o
 .data          0x00000000        0x0 ..\obj\stm32f4xx_hal_gpio.o
 .bss           0x00000000        0x0 ..\obj\stm32f4xx_hal_gpio.o
 .data          0x00000000        0x0 ..\obj\LedSM.o
 .bss           0x00000000        0x0 ..\obj\LedSM.o
 .text          0x00000000      0xd74 ..\obj\stm32f4xx_hal_rcc.o
 .data          0x00000000        0x0 ..\obj\stm32f4xx_hal_rcc.o
 .bss           0x00000000        0x0 ..\obj\stm32f4xx_hal_rcc.o
 .rodata        0x00000000       0x10 ..\obj\stm32f4xx_hal_rcc.o
 .debug_info    0x00000000      0xe27 ..\obj\stm32f4xx_hal_rcc.o
 .debug_abbrev  0x00000000      0x25a ..\obj\stm32f4xx_hal_rcc.o
 .debug_aranges
                0x00000000       0x20 ..\obj\stm32f4xx_hal_rcc.o
 .debug_line    0x00000000      0x5c4 ..\obj\stm32f4xx_hal_rcc.o
 .debug_str     0x00000000      0x6db ..\obj\stm32f4xx_hal_rcc.o
 .comment       0x00000000       0x71 ..\obj\stm32f4xx_hal_rcc.o
 .debug_frame   0x00000000      0x204 ..\obj\stm32f4xx_hal_rcc.o
 .ARM.attributes
                0x00000000       0x33 ..\obj\stm32f4xx_hal_rcc.o
 .text          0x00000000       0x14 ..\obj\startup_stm32f429xx.o
 .data          0x00000000        0x0 ..\obj\startup_stm32f429xx.o
 .bss           0x00000000        0x0 ..\obj\startup_stm32f429xx.o
 .text          0x00000000        0x0 ..\obj\Message.o
 .data          0x00000000        0x0 ..\obj\Message.o
 .data          0x00000000        0x0 ..\obj\main.o
 .bss           0x00000000        0x0 ..\obj\main.o
 .text          0x00000000        0x0 c:/program files/gnu tools arm embedded/4.9 2015q1/bin/../lib/gcc/arm-none-eabi/4.9.3/armv7e-m/crtend.o
 .data          0x00000000        0x0 c:/program files/gnu tools arm embedded/4.9 2015q1/bin/../lib/gcc/arm-none-eabi/4.9.3/armv7e-m/crtend.o
 .bss           0x00000000        0x0 c:/program files/gnu tools arm embedded/4.9 2015q1/bin/../lib/gcc/arm-none-eabi/4.9.3/armv7e-m/crtend.o
 .eh_frame      0x00000000        0x4 c:/program files/gnu tools arm embedded/4.9 2015q1/bin/../lib/gcc/arm-none-eabi/4.9.3/armv7e-m/crtend.o
 .jcr           0x00000000        0x4 c:/program files/gnu tools arm embedded/4.9 2015q1/bin/../lib/gcc/arm-none-eabi/4.9.3/armv7e-m/crtend.o
 .ARM.attributes
                0x00000000       0x2e c:/program files/gnu tools arm embedded/4.9 2015q1/bin/../lib/gcc/arm-none-eabi/4.9.3/armv7e-m/crtend.o
 .text          0x00000000        0x0 c:/program files/gnu tools arm embedded/4.9 2015q1/bin/../lib/gcc/arm-none-eabi/4.9.3/armv7e-m/crtn.o
 .data          0x00000000        0x0 c:/program files/gnu tools arm embedded/4.9 2015q1/bin/../lib/gcc/arm-none-eabi/4.9.3/armv7e-m/crtn.o
 .bss           0x00000000        0x0 c:/program files/gnu tools arm embedded/4.9 2015q1/bin/../lib/gcc/arm-none-eabi/4.9.3/armv7e-m/crtn.o

Memory Configuration

Name             Origin             Length             Attributes
FLASH            0x08000000         0x00100000         xr
RAM              0x20000000         0x00020000         xrw
CCMRAM           0x10000000         0x00010000         rw
*default*        0x00000000         0xffffffff

Linker script and memory map

LOAD c:/program files/gnu tools arm embedded/4.9 2015q1/bin/../lib/gcc/arm-none-eabi/4.9.3/armv7e-m/crti.o
LOAD c:/program files/gnu tools arm embedded/4.9 2015q1/bin/../lib/gcc/arm-none-eabi/4.9.3/armv7e-m/crtbegin.o
LOAD c:/program files/gnu tools arm embedded/4.9 2015q1/bin/../lib/gcc/arm-none-eabi/4.9.3/../../../../arm-none-eabi/lib/armv7e-m/crt0.o
                0x2001ffff                _estack = 0x2001ffff
                0x00000200                _Min_Heap_Size = 0x200
                0x00000400                _Min_Stack_Size = 0x400

.isr_vector     0x08000000      0x1ac
                0x08000000                . = ALIGN (0x4)
 *(.isr_vector)
 .isr_vector    0x08000000      0x1ac ..\obj\startup_stm32f429xx.o
                0x08000000                g_pfnVectors
                0x080001ac                . = ALIGN (0x4)

.text           0x080001ac      0xd50
                0x080001ac                . = ALIGN (0x4)
 *(.text)
 .text          0x080001ac       0x5c c:/program files/gnu tools arm embedded/4.9 2015q1/bin/../lib/gcc/arm-none-eabi/4.9.3/armv7e-m/crtbegin.o
 .text          0x08000208       0x74 ..\obj\ButtonSM.o
                0x08000208                buttonInitData
                0x08000220                buttonSM
 .text          0x0800027c       0x2c ..\obj\Button.o
                0x0800027c                initUserButton
 .text          0x080002a8      0x154 ..\obj\system_stm32f4xx.o
                0x080002a8                SystemInit
                0x08000304                SystemCoreClockUpdate
 .text          0x080003fc       0xa4 ..\obj\Time.o
                0x080003fc                updateTime
                0x08000434                delay
                0x08000468                isTimerExpire
 .text          0x080004a0      0x674 ..\obj\stm32f4xx_hal_gpio.o
                0x080004a0                HAL_GPIO_Init
                0x080007e8                HAL_GPIO_DeInit
                0x080009fc                HAL_GPIO_ReadPin
                0x08000a2c                HAL_GPIO_WritePin
                0x08000a5c                HAL_GPIO_TogglePin
                0x08000a80                HAL_GPIO_LockPin
                0x08000ad0                HAL_GPIO_EXTI_IRQHandler
                0x08000b00                HAL_GPIO_EXTI_Callback
 .text          0x08000b14      0x120 ..\obj\LedSM.o
                0x08000b14                ledInitData
                0x08000b34                ledSM
 .text          0x08000c34      0x11c ..\obj\main.o
                0x08000c34                main
 *(.text*)
 .text.__libc_init_array
                0x08000d50       0x50 c:/program files/gnu tools arm embedded/4.9 2015q1/bin/../lib/gcc/arm-none-eabi/4.9.3/../../../../arm-none-eabi/lib/armv7e-m\libc.a(lib_a-init.o)
                0x08000d50                __libc_init_array
 .text.startup.register_fini
                0x08000da0       0x14 c:/program files/gnu tools arm embedded/4.9 2015q1/bin/../lib/gcc/arm-none-eabi/4.9.3/../../../../arm-none-eabi/lib/armv7e-m\libc.a(lib_a-__call_atexit.o)
 .text.atexit   0x08000db4        0xc c:/program files/gnu tools arm embedded/4.9 2015q1/bin/../lib/gcc/arm-none-eabi/4.9.3/../../../../arm-none-eabi/lib/armv7e-m\libc.a(lib_a-atexit.o)
                0x08000db4                atexit
 .text.__libc_fini_array
                0x08000dc0       0x2c c:/program files/gnu tools arm embedded/4.9 2015q1/bin/../lib/gcc/arm-none-eabi/4.9.3/../../../../arm-none-eabi/lib/armv7e-m\libc.a(lib_a-fini.o)
                0x08000dc0                __libc_fini_array
 .text.__register_exitproc
                0x08000dec       0xa4 c:/program files/gnu tools arm embedded/4.9 2015q1/bin/../lib/gcc/arm-none-eabi/4.9.3/../../../../arm-none-eabi/lib/armv7e-m\libc.a(lib_a-__atexit.o)
                0x08000dec                __register_exitproc
 .text.Reset_Handler
                0x08000e90       0x50 ..\obj\startup_stm32f429xx.o
                0x08000e90                Reset_Handler
 .text.Default_Handler
                0x08000ee0        0x2 ..\obj\startup_stm32f429xx.o
                0x08000ee0                RTC_Alarm_IRQHandler
                0x08000ee0                HASH_RNG_IRQHandler
                0x08000ee0                EXTI2_IRQHandler
                0x08000ee0                TIM8_CC_IRQHandler
                0x08000ee0                DebugMon_Handler
                0x08000ee0                UART8_IRQHandler
                0x08000ee0                SPI4_IRQHandler
                0x08000ee0                TIM1_CC_IRQHandler
                0x08000ee0                DMA2_Stream5_IRQHandler
                0x08000ee0                HardFault_Handler
                0x08000ee0                DMA1_Stream5_IRQHandler
                0x08000ee0                SysTick_Handler
                0x08000ee0                PVD_IRQHandler
                0x08000ee0                SDIO_IRQHandler
                0x08000ee0                TAMP_STAMP_IRQHandler
                0x08000ee0                PendSV_Handler
                0x08000ee0                NMI_Handler
                0x08000ee0                CAN2_RX1_IRQHandler
                0x08000ee0                EXTI3_IRQHandler
                0x08000ee0                TIM8_TRG_COM_TIM14_IRQHandler
                0x08000ee0                TIM1_UP_TIM10_IRQHandler
                0x08000ee0                TIM8_UP_TIM13_IRQHandler
                0x08000ee0                I2C3_ER_IRQHandler
                0x08000ee0                EXTI0_IRQHandler
                0x08000ee0                I2C2_EV_IRQHandler
                0x08000ee0                DMA1_Stream2_IRQHandler
                0x08000ee0                CAN1_RX0_IRQHandler
                0x08000ee0                FPU_IRQHandler
                0x08000ee0                OTG_HS_WKUP_IRQHandler
                0x08000ee0                UsageFault_Handler
                0x08000ee0                LTDC_ER_IRQHandler
                0x08000ee0                CAN2_SCE_IRQHandler
                0x08000ee0                DMA2_Stream2_IRQHandler
                0x08000ee0                SPI1_IRQHandler
                0x08000ee0                TIM6_DAC_IRQHandler
                0x08000ee0                TIM1_BRK_TIM9_IRQHandler
                0x08000ee0                DCMI_IRQHandler
                0x08000ee0                CAN2_RX0_IRQHandler
                0x08000ee0                DMA2_Stream3_IRQHandler
                0x08000ee0                USART6_IRQHandler
                0x08000ee0                USART3_IRQHandler
                0x08000ee0                CAN1_RX1_IRQHandler
                0x08000ee0                UART5_IRQHandler
                0x08000ee0                DMA2_Stream0_IRQHandler
                0x08000ee0                TIM4_IRQHandler
                0x08000ee0                I2C1_EV_IRQHandler
                0x08000ee0                DMA1_Stream6_IRQHandler
                0x08000ee0                DMA1_Stream1_IRQHandler
                0x08000ee0                UART4_IRQHandler
                0x08000ee0                TIM3_IRQHandler
                0x08000ee0                RCC_IRQHandler
                0x08000ee0                TIM8_BRK_TIM12_IRQHandler
                0x08000ee0                Default_Handler
                0x08000ee0                EXTI15_10_IRQHandler
                0x08000ee0                ADC_IRQHandler
                0x08000ee0                DMA1_Stream7_IRQHandler
                0x08000ee0                SPI5_IRQHandler
                0x08000ee0                TIM7_IRQHandler
                0x08000ee0                CAN2_TX_IRQHandler
                0x08000ee0                TIM5_IRQHandler
                0x08000ee0                DMA2_Stream7_IRQHandler
                0x08000ee0                I2C3_EV_IRQHandler
                0x08000ee0                EXTI9_5_IRQHandler
                0x08000ee0                RTC_WKUP_IRQHandler
                0x08000ee0                LTDC_IRQHandler
                0x08000ee0                ETH_WKUP_IRQHandler
                0x08000ee0                SPI2_IRQHandler
                0x08000ee0                OTG_HS_EP1_IN_IRQHandler
                0x08000ee0                MemManage_Handler
                0x08000ee0                DMA1_Stream0_IRQHandler
                0x08000ee0                CAN1_TX_IRQHandler
                0x08000ee0                SVC_Handler
                0x08000ee0                EXTI4_IRQHandler
                0x08000ee0                ETH_IRQHandler
                0x08000ee0                OTG_HS_EP1_OUT_IRQHandler
                0x08000ee0                WWDG_IRQHandler
                0x08000ee0                SPI6_IRQHandler
                0x08000ee0                TIM2_IRQHandler
                0x08000ee0                OTG_FS_WKUP_IRQHandler
                0x08000ee0                TIM1_TRG_COM_TIM11_IRQHandler
                0x08000ee0                OTG_HS_IRQHandler
                0x08000ee0                DMA2D_IRQHandler
                0x08000ee0                EXTI1_IRQHandler
                0x08000ee0                UART7_IRQHandler
                0x08000ee0                USART2_IRQHandler
                0x08000ee0                I2C2_ER_IRQHandler
                0x08000ee0                DMA2_Stream1_IRQHandler
                0x08000ee0                CAN1_SCE_IRQHandler
                0x08000ee0                FLASH_IRQHandler
                0x08000ee0                DMA2_Stream4_IRQHandler
                0x08000ee0                BusFault_Handler
                0x08000ee0                USART1_IRQHandler
                0x08000ee0                OTG_FS_IRQHandler
                0x08000ee0                SPI3_IRQHandler
                0x08000ee0                DMA1_Stream4_IRQHandler
                0x08000ee0                I2C1_ER_IRQHandler
                0x08000ee0                FMC_IRQHandler
                0x08000ee0                DMA2_Stream6_IRQHandler
                0x08000ee0                SAI1_IRQHandler
                0x08000ee0                DMA1_Stream3_IRQHandler
 *(.glue_7)
 .glue_7        0x00000000        0x0 linker stubs
 *(.glue_7t)
 .glue_7t       0x00000000        0x0 linker stubs
 *(.eh_frame)
 *fill*         0x08000ee2        0x2 
 .eh_frame      0x08000ee4        0x0 c:/program files/gnu tools arm embedded/4.9 2015q1/bin/../lib/gcc/arm-none-eabi/4.9.3/armv7e-m/crtbegin.o
 *(.init)
 .init          0x08000ee4        0x4 c:/program files/gnu tools arm embedded/4.9 2015q1/bin/../lib/gcc/arm-none-eabi/4.9.3/armv7e-m/crti.o
                0x08000ee4                _init
 .init          0x08000ee8        0x8 c:/program files/gnu tools arm embedded/4.9 2015q1/bin/../lib/gcc/arm-none-eabi/4.9.3/armv7e-m/crtn.o
 *(.fini)
 .fini          0x08000ef0        0x4 c:/program files/gnu tools arm embedded/4.9 2015q1/bin/../lib/gcc/arm-none-eabi/4.9.3/armv7e-m/crti.o
                0x08000ef0                _fini
 .fini          0x08000ef4        0x8 c:/program files/gnu tools arm embedded/4.9 2015q1/bin/../lib/gcc/arm-none-eabi/4.9.3/armv7e-m/crtn.o
                0x08000efc                . = ALIGN (0x4)
                0x08000efc                _etext = .

.vfp11_veneer   0x08000efc        0x0
 .vfp11_veneer  0x00000000        0x0 linker stubs

.v4_bx          0x08000efc        0x0
 .v4_bx         0x00000000        0x0 linker stubs

.iplt           0x08000efc        0x0
 .iplt          0x00000000        0x0 c:/program files/gnu tools arm embedded/4.9 2015q1/bin/../lib/gcc/arm-none-eabi/4.9.3/armv7e-m/crtbegin.o

.rodata         0x08000efc        0x8
                0x08000efc                . = ALIGN (0x4)
 *(.rodata)
 *(.rodata*)
 .rodata.str1.4
                0x08000efc        0x4 c:/program files/gnu tools arm embedded/4.9 2015q1/bin/../lib/gcc/arm-none-eabi/4.9.3/../../../../arm-none-eabi/lib/armv7e-m\libc.a(lib_a-impure.o)
 .rodata._global_impure_ptr
                0x08000f00        0x4 c:/program files/gnu tools arm embedded/4.9 2015q1/bin/../lib/gcc/arm-none-eabi/4.9.3/../../../../arm-none-eabi/lib/armv7e-m\libc.a(lib_a-impure.o)
                0x08000f00                _global_impure_ptr
                0x08000f04                . = ALIGN (0x4)

.rel.dyn        0x08000f04        0x0
 .rel.iplt      0x00000000        0x0 c:/program files/gnu tools arm embedded/4.9 2015q1/bin/../lib/gcc/arm-none-eabi/4.9.3/armv7e-m/crtbegin.o

.ARM.extab
 *(.ARM.extab* .gnu.linkonce.armextab.*)

.ARM            0x08000f04        0x0
                0x08000f04                __exidx_start = .
 *(.ARM.exidx*)
                0x08000f04                __exidx_end = .

.preinit_array  0x08000f04        0x0
                0x08000f04                PROVIDE (__preinit_array_start, .)
 *(.preinit_array*)
                0x08000f04                PROVIDE (__preinit_array_end, .)

.init_array     0x08000f04        0x8
                0x08000f04                PROVIDE (__init_array_start, .)
 *(SORT(.init_array.*))
 .init_array.00000
                0x08000f04        0x4 c:/program files/gnu tools arm embedded/4.9 2015q1/bin/../lib/gcc/arm-none-eabi/4.9.3/../../../../arm-none-eabi/lib/armv7e-m\libc.a(lib_a-__call_atexit.o)
 *(.init_array*)
 .init_array    0x08000f08        0x4 c:/program files/gnu tools arm embedded/4.9 2015q1/bin/../lib/gcc/arm-none-eabi/4.9.3/armv7e-m/crtbegin.o
                0x08000f0c                PROVIDE (__init_array_end, .)

.fini_array     0x08000f0c        0x4
                0x08000f0c                PROVIDE (__fini_array_start, .)
 *(SORT(.fini_array.*))
 *(.fini_array*)
 .fini_array    0x08000f0c        0x4 c:/program files/gnu tools arm embedded/4.9 2015q1/bin/../lib/gcc/arm-none-eabi/4.9.3/armv7e-m/crtbegin.o
                0x08000f10                PROVIDE (__fini_array_end, .)
                0x08000f10                _sidata = LOADADDR (.data)

.data           0x20000000      0x440 load address 0x08000f10
                0x20000000                . = ALIGN (0x4)
                0x20000000                _sdata = .
 *(.data)
 .data          0x20000000       0x14 ..\obj\system_stm32f4xx.o
                0x20000000                SystemCoreClock
                0x20000004                AHBPrescTable
 *(.data*)
 *fill*         0x20000014        0x4 
 .data.impure_data
                0x20000018      0x428 c:/program files/gnu tools arm embedded/4.9 2015q1/bin/../lib/gcc/arm-none-eabi/4.9.3/../../../../arm-none-eabi/lib/armv7e-m\libc.a(lib_a-impure.o)
                0x20000440                . = ALIGN (0x4)
                0x20000440                _edata = .
                0x08001350                _siccmram = LOADADDR (.ccmram)

.jcr            0x20000440        0x0 load address 0x08001350
 .jcr           0x20000440        0x0 c:/program files/gnu tools arm embedded/4.9 2015q1/bin/../lib/gcc/arm-none-eabi/4.9.3/armv7e-m/crtbegin.o

.igot.plt       0x20000440        0x0 load address 0x08001350
 .igot.plt      0x00000000        0x0 c:/program files/gnu tools arm embedded/4.9 2015q1/bin/../lib/gcc/arm-none-eabi/4.9.3/armv7e-m/crtbegin.o

.ccmram         0x10000000        0x0 load address 0x08001350
                0x10000000                . = ALIGN (0x4)
                0x10000000                _sccmram = .
 *(.ccmram)
 *(.ccmram*)
                0x10000000                . = ALIGN (0x4)
                0x10000000                _eccmram = .
                0x10000000                . = ALIGN (0x4)

.bss            0x20000440       0x2c
                0x20000440                _sbss = .
                0x20000440                __bss_start__ = _sbss
 *(.bss)
 .bss           0x20000440       0x1c c:/program files/gnu tools arm embedded/4.9 2015q1/bin/../lib/gcc/arm-none-eabi/4.9.3/armv7e-m/crtbegin.o
 .bss           0x2000045c        0xc ..\obj\Time.o
                0x2000045c                counter
                0x20000460                currentTime
 .bss           0x20000468        0x1 ..\obj\Message.o
                0x20000468                msg
 *(.bss*)
 *(COMMON)
                0x2000046c                . = ALIGN (0x4)
 *fill*         0x20000469        0x3 
                0x2000046c                _ebss = .
                0x2000046c                __bss_end__ = _ebss

._user_heap_stack
                0x2000046c      0x600
                0x2000046c                . = ALIGN (0x4)
                0x2000046c                PROVIDE (end, .)
                0x2000046c                PROVIDE (_end, .)
                0x2000066c                . = (. + _Min_Heap_Size)
 *fill*         0x2000046c      0x200 
                0x20000a6c                . = (. + _Min_Stack_Size)
 *fill*         0x2000066c      0x400 
                0x20000a6c                . = ALIGN (0x4)

/DISCARD/
 libc.a(*)
 libm.a(*)
 libgcc.a(*)

.ARM.attributes
                0x00000000       0x2a
 *(.ARM.attributes)
 .ARM.attributes
                0x00000000       0x1e c:/program files/gnu tools arm embedded/4.9 2015q1/bin/../lib/gcc/arm-none-eabi/4.9.3/armv7e-m/crti.o
 .ARM.attributes
                0x0000001e       0x2e c:/program files/gnu tools arm embedded/4.9 2015q1/bin/../lib/gcc/arm-none-eabi/4.9.3/armv7e-m/crtbegin.o
 .ARM.attributes
                0x0000004c       0x33 ..\obj\ButtonSM.o
 .ARM.attributes
                0x0000007f       0x33 ..\obj\Button.o
 .ARM.attributes
                0x000000b2       0x33 ..\obj\system_stm32f4xx.o
 .ARM.attributes
                0x000000e5       0x33 ..\obj\Time.o
 .ARM.attributes
                0x00000118       0x33 ..\obj\stm32f4xx_hal_gpio.o
 .ARM.attributes
                0x0000014b       0x33 ..\obj\LedSM.o
 .ARM.attributes
                0x0000017e       0x21 ..\obj\startup_stm32f429xx.o
 .ARM.attributes
                0x0000019f       0x33 ..\obj\Message.o
 .ARM.attributes
                0x000001d2       0x33 ..\obj\main.o
 .ARM.attributes
                0x00000205       0x1e c:/program files/gnu tools arm embedded/4.9 2015q1/bin/../lib/gcc/arm-none-eabi/4.9.3/armv7e-m/crtn.o
LOAD ..\obj\ButtonSM.o
LOAD ..\obj\stm32f4xx_hal_cortex.o
LOAD ..\obj\Button.o
LOAD ..\obj\system_stm32f4xx.o
LOAD ..\obj\Time.o
LOAD ..\obj\stm32f4xx_hal_gpio.o
LOAD ..\obj\LedSM.o
LOAD ..\obj\stm32f4xx_hal_rcc.o
LOAD ..\obj\startup_stm32f429xx.o
LOAD ..\obj\Message.o
LOAD ..\obj\main.o
START GROUP
LOAD c:/program files/gnu tools arm embedded/4.9 2015q1/bin/../lib/gcc/arm-none-eabi/4.9.3/armv7e-m\libgcc.a
LOAD c:/program files/gnu tools arm embedded/4.9 2015q1/bin/../lib/gcc/arm-none-eabi/4.9.3/../../../../arm-none-eabi/lib/armv7e-m\libg.a
LOAD c:/program files/gnu tools arm embedded/4.9 2015q1/bin/../lib/gcc/arm-none-eabi/4.9.3/../../../../arm-none-eabi/lib/armv7e-m\libc.a
END GROUP
LOAD c:/program files/gnu tools arm embedded/4.9 2015q1/bin/../lib/gcc/arm-none-eabi/4.9.3/armv7e-m/crtend.o
LOAD c:/program files/gnu tools arm embedded/4.9 2015q1/bin/../lib/gcc/arm-none-eabi/4.9.3/armv7e-m/crtn.o
OUTPUT(Test01.elf elf32-littlearm)

.debug_info     0x00000000     0x19ce
 .debug_info    0x00000000      0x243 ..\obj\ButtonSM.o
 .debug_info    0x00000243      0x1e6 ..\obj\Button.o
 .debug_info    0x00000429      0x4b4 ..\obj\system_stm32f4xx.o
 .debug_info    0x000008dd      0x15f ..\obj\Time.o
 .debug_info    0x00000a3c      0x712 ..\obj\stm32f4xx_hal_gpio.o
 .debug_info    0x0000114e      0x264 ..\obj\LedSM.o
 .debug_info    0x000013b2       0xc1 ..\obj\startup_stm32f429xx.o
 .debug_info    0x00001473       0x4b ..\obj\Message.o
 .debug_info    0x000014be      0x510 ..\obj\main.o

.debug_abbrev   0x00000000      0x826
 .debug_abbrev  0x00000000      0x128 ..\obj\ButtonSM.o
 .debug_abbrev  0x00000128       0xeb ..\obj\Button.o
 .debug_abbrev  0x00000213       0xff ..\obj\system_stm32f4xx.o
 .debug_abbrev  0x00000312       0xd5 ..\obj\Time.o
 .debug_abbrev  0x000003e7      0x1aa ..\obj\stm32f4xx_hal_gpio.o
 .debug_abbrev  0x00000591      0x128 ..\obj\LedSM.o
 .debug_abbrev  0x000006b9       0x12 ..\obj\startup_stm32f429xx.o
 .debug_abbrev  0x000006cb       0x42 ..\obj\Message.o
 .debug_abbrev  0x0000070d      0x119 ..\obj\main.o

.debug_aranges  0x00000000      0x120
 .debug_aranges
                0x00000000       0x20 ..\obj\ButtonSM.o
 .debug_aranges
                0x00000020       0x20 ..\obj\Button.o
 .debug_aranges
                0x00000040       0x20 ..\obj\system_stm32f4xx.o
 .debug_aranges
                0x00000060       0x20 ..\obj\Time.o
 .debug_aranges
                0x00000080       0x20 ..\obj\stm32f4xx_hal_gpio.o
 .debug_aranges
                0x000000a0       0x20 ..\obj\LedSM.o
 .debug_aranges
                0x000000c0       0x28 ..\obj\startup_stm32f429xx.o
 .debug_aranges
                0x000000e8       0x18 ..\obj\Message.o
 .debug_aranges
                0x00000100       0x20 ..\obj\main.o

.debug_line     0x00000000     0x11d9
 .debug_line    0x00000000      0x1e0 ..\obj\ButtonSM.o
 .debug_line    0x000001e0      0x22b ..\obj\Button.o
 .debug_line    0x0000040b      0x1d3 ..\obj\system_stm32f4xx.o
 .debug_line    0x000005de      0x1aa ..\obj\Time.o
 .debug_line    0x00000788      0x45f ..\obj\stm32f4xx_hal_gpio.o
 .debug_line    0x00000be7      0x266 ..\obj\LedSM.o
 .debug_line    0x00000e4d       0xb1 ..\obj\startup_stm32f429xx.o
 .debug_line    0x00000efe       0x74 ..\obj\Message.o
 .debug_line    0x00000f72      0x267 ..\obj\main.o

.debug_str      0x00000000      0x864
 .debug_str     0x00000000      0x23e ..\obj\ButtonSM.o
                                0x297 (size before relaxing)
 .debug_str     0x0000023e       0x89 ..\obj\Button.o
                                0x247 (size before relaxing)
 .debug_str     0x000002c7      0x212 ..\obj\system_stm32f4xx.o
                                0x348 (size before relaxing)
 .debug_str     0x000004d9       0x8f ..\obj\Time.o
                                0x207 (size before relaxing)
 .debug_str     0x00000568      0x1f5 ..\obj\stm32f4xx_hal_gpio.o
                                0x521 (size before relaxing)
 .debug_str     0x0000075d       0x64 ..\obj\LedSM.o
                                0x2ac (size before relaxing)
 .debug_str     0x000007c1       0x47 ..\obj\Message.o
                                 0xcf (size before relaxing)
 .debug_str     0x00000808       0x5c ..\obj\main.o
                                0x3c6 (size before relaxing)

.comment        0x00000000       0x70
 .comment       0x00000000       0x70 ..\obj\ButtonSM.o
                                 0x71 (size before relaxing)
 .comment       0x00000000       0x71 ..\obj\Button.o
 .comment       0x00000000       0x71 ..\obj\system_stm32f4xx.o
 .comment       0x00000000       0x71 ..\obj\Time.o
 .comment       0x00000000       0x71 ..\obj\stm32f4xx_hal_gpio.o
 .comment       0x00000000       0x71 ..\obj\LedSM.o
 .comment       0x00000000       0x71 ..\obj\Message.o
 .comment       0x00000000       0x71 ..\obj\main.o

.debug_frame    0x00000000      0x340
 .debug_frame   0x00000000       0x5c ..\obj\ButtonSM.o
 .debug_frame   0x0000005c       0x34 ..\obj\Button.o
 .debug_frame   0x00000090       0x58 ..\obj\system_stm32f4xx.o
 .debug_frame   0x000000e8       0x80 ..\obj\Time.o
 .debug_frame   0x00000168      0x14c ..\obj\stm32f4xx_hal_gpio.o
 .debug_frame   0x000002b4       0x5c ..\obj\LedSM.o
 .debug_frame   0x00000310       0x30 ..\obj\main.o

.debug_ranges   0x00000000       0x20
 .debug_ranges  0x00000000       0x20 ..\obj\startup_stm32f429xx.o
